::1 - - [19/Feb/2026 20:30:51] "GET /index.html HTTP/1.1" 200 -
::1 - - [19/Feb/2026 20:30:58] "GET /config.json HTTP/1.1" 200 -
::1 - - [19/Feb/2026 20:31:54] "GET /index.html HTTP/1.1" 200 -
::1 - - [19/Feb/2026 20:31:54] "GET /style.css HTTP/1.1" 200 -
::1 - - [19/Feb/2026 20:31:54] "GET /src/main.js HTTP/1.1" 200 -
::1 - - [19/Feb/2026 20:31:54] "GET /src/core/ActionConfigService.js HTTP/1.1" 200 -
::1 - - [19/Feb/2026 20:31:54] "GET /src/core/GameService.js HTTP/1.1" 200 -
::1 - - [19/Feb/2026 20:31:54] "GET /src/core/MetaProgressionService.js HTTP/1.1" 200 -
::1 - - [19/Feb/2026 20:31:54] "GET /src/core/PlayerService.js HTTP/1.1" 200 -
::1 - - [19/Feb/2026 20:31:54] "GET /src/core/RewardService.js HTTP/1.1" 200 -
::1 - - [19/Feb/2026 20:31:54] "GET /src/core/QuestService.js HTTP/1.1" 200 -
::1 - - [19/Feb/2026 20:31:54] "GET /src/infra/LocalStorageRepository.js HTTP/1.1" 200 -
::1 - - [19/Feb/2026 20:31:54] "GET /src/ui/ActionButtonsView.js HTTP/1.1" 200 -
::1 - - [19/Feb/2026 20:31:54] "GET /src/ui/BuffsView.js HTTP/1.1" 200 -
::1 - - [19/Feb/2026 20:31:54] "GET /src/ui/BossView.js HTTP/1.1" 200 -
::1 - - [19/Feb/2026 20:31:54] "GET /src/ui/DamageAnimator.js HTTP/1.1" 200 -
::1 - - [19/Feb/2026 20:31:54] "GET /src/ui/LevelUpAnimator.js HTTP/1.1" 200 -
::1 - - [19/Feb/2026 20:31:54] "GET /src/ui/PlayerView.js HTTP/1.1" 200 -
::1 - - [19/Feb/2026 20:31:54] "GET /src/ui/QuestView.js HTTP/1.1" 200 -
::1 - - [19/Feb/2026 20:31:54] "GET /src/ui/ToastView.js HTTP/1.1" 200 -
::1 - - [19/Feb/2026 20:31:54] "GET /src/domain/Boss.js HTTP/1.1" 200 -
::1 - - [19/Feb/2026 20:31:54] "GET /src/domain/BossTier.js HTTP/1.1" 200 -
::1 - - [19/Feb/2026 20:31:54] "GET /src/domain/Player.js HTTP/1.1" 200 -
::1 - - [19/Feb/2026 20:31:54] "GET /src/core/StreakService.js HTTP/1.1" 200 -
::1 - - [19/Feb/2026 20:31:54] "GET /src/domain/Reward.js HTTP/1.1" 200 -
::1 - - [19/Feb/2026 20:31:54] "GET /src/domain/Quest.js HTTP/1.1" 200 -
::1 - - [19/Feb/2026 20:31:54] "GET /src/infra/GameRepository.js HTTP/1.1" 200 -
::1 - - [19/Feb/2026 20:31:54] "GET /src/ui/HpBarView.js HTTP/1.1" 200 -
::1 - - [19/Feb/2026 20:31:54] "GET /src/ui/XpBarView.js HTTP/1.1" 200 -
::1 - - [19/Feb/2026 20:31:54] "GET /config.json HTTP/1.1" 200 -
::1 - - [19/Feb/2026 20:31:54] code 404, message File not found
::1 - - [19/Feb/2026 20:31:54] "GET /favicon.ico HTTP/1.1" 404 -
::1 - - [19/Feb/2026 20:32:47] code 404, message File not found
::1 - - [19/Feb/2026 20:32:47] "GET /.well-known/appspecific/com.chrome.devtools.json HTTP/1.1" 404 -
